00:00 +0: loading /app/test/widget_test.dart
00:00 +0: Counter increments smoke test
00:01 +1: All tests passed!
